// Jest Snapshot v1, https://goo.gl/fbAQLP

exports[`renders the Editor panel 1`] = `
Object {
  "asFragment": [Function],
  "baseElement": <body>
    <div>
      <div
        class="editor"
      >
        <select>
          <option
            value="bird-head"
          >
            Bird
          </option>
          <option
            value="duck-head"
          >
            Duck
          </option>
          <option
            value="dog-head"
          >
            Dog
          </option>
          <option
            value="horse-head"
          >
            Horse
          </option>
        </select>
        <select>
          <option
            value="blue-middle"
          >
            Blue
          </option>
          <option
            value="dress-middle"
          >
            Fancy
          </option>
          <option
            value="pink-middle"
          >
            Pink
          </option>
          <option
            value="red-middle"
          >
            Red
          </option>
        </select>
        <select>
          <option
            value="leg-pants"
          >
            Single Leg
          </option>
          <option
            value="white-pants"
          >
            White Pants
          </option>
          <option
            value="blue-pants"
          >
            Blue Jeans
          </option>
        </select>
        <input
          type="text"
          value=""
        />
        <button
          class="btn"
        >
          Add Catchphrase
        </button>
      </div>
    </div>
  </body>,
  "container": <div>
    <div
      class="editor"
    >
      <select>
        <option
          value="bird-head"
        >
          Bird
        </option>
        <option
          value="duck-head"
        >
          Duck
        </option>
        <option
          value="dog-head"
        >
          Dog
        </option>
        <option
          value="horse-head"
        >
          Horse
        </option>
      </select>
      <select>
        <option
          value="blue-middle"
        >
          Blue
        </option>
        <option
          value="dress-middle"
        >
          Fancy
        </option>
        <option
          value="pink-middle"
        >
          Pink
        </option>
        <option
          value="red-middle"
        >
          Red
        </option>
      </select>
      <select>
        <option
          value="leg-pants"
        >
          Single Leg
        </option>
        <option
          value="white-pants"
        >
          White Pants
        </option>
        <option
          value="blue-pants"
        >
          Blue Jeans
        </option>
      </select>
      <input
        type="text"
        value=""
      />
      <button
        class="btn"
      >
        Add Catchphrase
      </button>
    </div>
  </div>,
  "debug": [Function],
  "findAllByAltText": [Function],
  "findAllByDisplayValue": [Function],
  "findAllByLabelText": [Function],
  "findAllByPlaceholderText": [Function],
  "findAllByRole": [Function],
  "findAllByTestId": [Function],
  "findAllByText": [Function],
  "findAllByTitle": [Function],
  "findByAltText": [Function],
  "findByDisplayValue": [Function],
  "findByLabelText": [Function],
  "findByPlaceholderText": [Function],
  "findByRole": [Function],
  "findByTestId": [Function],
  "findByText": [Function],
  "findByTitle": [Function],
  "getAllByAltText": [Function],
  "getAllByDisplayValue": [Function],
  "getAllByLabelText": [Function],
  "getAllByPlaceholderText": [Function],
  "getAllByRole": [Function],
  "getAllByTestId": [Function],
  "getAllByText": [Function],
  "getAllByTitle": [Function],
  "getByAltText": [Function],
  "getByDisplayValue": [Function],
  "getByLabelText": [Function],
  "getByPlaceholderText": [Function],
  "getByRole": [Function],
  "getByTestId": [Function],
  "getByText": [Function],
  "getByTitle": [Function],
  "queryAllByAltText": [Function],
  "queryAllByDisplayValue": [Function],
  "queryAllByLabelText": [Function],
  "queryAllByPlaceholderText": [Function],
  "queryAllByRole": [Function],
  "queryAllByTestId": [Function],
  "queryAllByText": [Function],
  "queryAllByTitle": [Function],
  "queryByAltText": [Function],
  "queryByDisplayValue": [Function],
  "queryByLabelText": [Function],
  "queryByPlaceholderText": [Function],
  "queryByRole": [Function],
  "queryByTestId": [Function],
  "queryByText": [Function],
  "queryByTitle": [Function],
  "rerender": [Function],
  "unmount": [Function],
}
`;
